// Vitest Snapshot v1, https://vitest.dev/guide/snapshot.html

exports[`CitationCard > matches snapshot for sample citation data 1`] = `
<article
  class="rounded-xl border border-[var(--border-cream)] bg-surface-soft p-4 text-sm text-ink-cream"
>
  <header
    class="flex flex-wrap items-start justify-between gap-2"
  >
    <div
      class="min-w-0 flex-1"
    >
      <div
        class="flex flex-wrap items-center gap-2"
      >
        <p
          class="font-medium text-ink-cream"
        >
          Indian Penal Code
        </p>
      </div>
      <p
        class="mt-1.5 text-xs font-medium tracking-wide text-ink-cream-muted"
      >
        § 379
      </p>
    </div>
    <div
      class="flex flex-col items-end gap-1.5"
    >
      <p
        aria-label="Retrieval relevance score 91% relevance"
        class="rounded-full bg-surface px-2.5 py-1 text-xs font-medium text-ink-cream-muted ring-1 ring-[var(--border-cream)]"
      >
        91% relevance
      </p>
      <div
        aria-hidden="true"
        class="h-1 w-16 overflow-hidden rounded-full bg-[var(--border-cream)]"
      >
        <div
          class="h-full rounded-full bg-amber"
          style="width: 91%;"
        />
      </div>
    </div>
  </header>
  <blockquote
    class="mt-3 border-l-2 border-amber/50 pl-3 text-sm leading-relaxed text-ink-cream-muted"
  >
    Whoever commits theft shall be punished with imprisonment...
  </blockquote>
</article>
`;
