// Vitest Snapshot v1, https://vitest.dev/guide/snapshot.html

exports[`ConfidenceBadge > matches snapshot for a high-confidence score 1`] = `
<span
  aria-label="High confidence: 87%"
  class="inline-flex items-center rounded-full px-3 py-1 text-xs font-semibold ring-1 sm:text-sm bg-emerald-100 text-emerald-800 ring-emerald-200"
  data-confidence-level="high"
>
  High confidence
   · 
  87%
</span>
`;
