// Vitest Snapshot v1, https://vitest.dev/guide/snapshot.html

exports[`DisclaimerBanner > matches snapshot 1`] = `
<aside
  aria-label="Legal disclaimer"
  class="my-4 border-y border-[#d3c4aa] bg-[#eee4d2]/70 px-3 py-3 sm:px-4"
  data-testid="disclaimer-banner"
>
  <div
    class="flex flex-col gap-3 lg:flex-row lg:items-center"
  >
    <div
      class="flex min-w-0 flex-1 items-start gap-3"
    >
      <div
        class="mt-0.5 flex h-7 w-7 shrink-0 items-center justify-center text-burgundy"
      >
        <svg
          aria-hidden="true"
          class="lucide lucide-scale h-4 w-4"
          fill="none"
          height="24"
          stroke="currentColor"
          stroke-linecap="round"
          stroke-linejoin="round"
          stroke-width="2"
          viewBox="0 0 24 24"
          width="24"
          xmlns="http://www.w3.org/2000/svg"
        >
          <path
            d="M12 3v18"
          />
          <path
            d="m19 8 3 8a5 5 0 0 1-6 0zV7"
          />
          <path
            d="M3 7h1a17 17 0 0 0 8-2 17 17 0 0 0 8 2h1"
          />
          <path
            d="m5 8 3 8a5 5 0 0 1-6 0zV7"
          />
          <path
            d="M7 21h10"
          />
        </svg>
      </div>
      <div
        class="min-w-0 flex-1"
      >
        <div
          class="flex flex-wrap items-baseline gap-x-3 gap-y-1"
        >
          <p
            class="font-mono text-[0.56rem] font-semibold uppercase tracking-[0.18em] text-burgundy"
          >
            Legal notice
          </p>
          <p
            class="max-w-4xl text-[0.72rem] leading-5 text-ink-muted sm:text-xs line-clamp-2 lg:line-clamp-1"
          >
            This answer is generated by an AI assistant and is not a substitute for licensed legal counsel. It does not constitute legal advice. Please consult a qualified lawyer for guidance on your specific situation.
          </p>
        </div>
        <button
          aria-expanded="false"
          class="mt-1 font-mono text-[0.56rem] font-semibold uppercase tracking-wider text-burgundy underline-offset-2 hover:underline lg:hidden"
          type="button"
        >
          Read more
        </button>
      </div>
    </div>
    <label
      class="flex cursor-pointer items-center gap-2 border-t border-[#d3c4aa] pt-3 text-[0.68rem] text-ink-muted lg:border-l lg:border-t-0 lg:pl-5 lg:pt-0"
      for="consent-to-log"
    >
      <button
        aria-checked="true"
        class="peer h-4 w-4 shrink-0 rounded-sm border shadow focus-visible:outline-none focus-visible:ring-2 focus-visible:ring-ring disabled:cursor-not-allowed disabled:opacity-50 data-[state=checked]:text-primary-foreground border-brass data-[state=checked]:border-burgundy data-[state=checked]:bg-burgundy"
        data-state="checked"
        data-testid="consent-checkbox"
        id="consent-to-log"
        role="checkbox"
        type="button"
        value="on"
      >
        <span
          class="flex items-center justify-center text-current"
          data-state="checked"
          style="pointer-events: none;"
        >
          <svg
            aria-hidden="true"
            class="lucide lucide-check h-3.5 w-3.5"
            fill="none"
            height="24"
            stroke="currentColor"
            stroke-linecap="round"
            stroke-linejoin="round"
            stroke-width="2"
            viewBox="0 0 24 24"
            width="24"
            xmlns="http://www.w3.org/2000/svg"
          >
            <path
              d="M20 6 9 17l-5-5"
            />
          </svg>
        </span>
      </button>
      <span
        class="max-w-[18rem] leading-4"
      >
        I consent to logging my questions for quality and audit purposes.
      </span>
    </label>
  </div>
</aside>
`;
